// Jest Snapshot v1, https://goo.gl/fbAQLP

exports[`should match snapshot 1`] = `
<div
  className="game__mistakes"
>
  <div
    className="correct"
  />
  <div
    className="correct"
  />
  <div
    className="correct"
  />
</div>
`;
